// Jest Snapshot v1, https://goo.gl/fbAQLP

exports[`Testing Card component renders as expected 1`] = `
<div
  className="text-lg p-3 h-52 md:h-auto md:my-6 flex flex-col items-end justify-between"
>
  <span
    className="p-1 text-sm md:text-2xl md:mb-3"
  >
    <i
      className="far fa-arrow-alt-circle-right fa-lg text-white"
    />
  </span>
  <div
    className="w-full h-28 md:h-72"
  >
    <img
      alt="city preview image"
      className="w-full h-full rounded-md"
      data-testid="city-image"
    />
  </div>
  <div
    className="text-right text-white md:mt-4"
  >
    <p
      className="font-bold md:text-3xl"
      data-testid="city-name"
    >
      FREETOWN
    </p>
    <p
      className="text-sm md:text-xl"
      data-testid="city-population"
    >
      Population: 
      7,000,000
    </p>
  </div>
</div>
`;
